WGUS43 KOAX 080400
FLWOAX

BULLETIN - EAS ACTIVATION REQUESTED
TEST...FLOOD WARNING...TEST
NATIONAL WEATHER SERVICE OMAHA/VALLEY NE
1000 PM CST MON FEB 7 2011

NEC025-153-081200-
/O.NEW.KOAX.FA.W.0001.110208T0400Z-110208T1200Z/
/00000.0.ER.000000T0000Z.000000T0000Z.000000T0000Z.OO/
CASS-SARPY-
INCLUDING THE CITIES OF PLATTSMOUTH...PAPILLION...BELLEVUE AND LA
VISTA
1000 PM CST MON FEB 7 2011

...AREAL FLOOD WARNING IN EFFECT FROM 10 PM MONDAY TO 6 AM CST
TUESDAY...

THE NATIONAL WEATHER SERVICE IN OMAHA/VALLEY HAS ISSUED A

* TEST AREAL FLOOD WARNING FOR EAST CENTRAL SARPY COUNTY IN EAST 
  CENTRAL NEBRASKA NORTHEASTERN CASS COUNTY IN SOUTHEAST NEBRASKA
.

* UNTIL 6 AM CST TUESDAY

* AT 1000 PM CST...DOPPLER RADAR AND AUTOMATED GAUGES INDICATED
THAT HEAVY RAIN WAS FALLING OVER THE AREA. THAT HEAVY RAIN WILL
CAUSE FLOODING.

* |* (OPTIONAL) POTENTIAL IMPACTS OF FLOODING *|

PRECAUTIONARY/PREPAREDNESS ACTIONS...

EXCESSIVE RUNOFF FROM HEAVY RAINFALL WILL CAUSE FLOODING OF SMALL
CREEKS AND  STREAMS...AS WELL AS FARM AND COUNTRY ROADS. DO NOT
ATTEMPT TO TRAVEL ACROSS  FLOODED ROADS. FIND ALTERNATE ROUTES.

&&

LAT...LON 4112 9594 4100 9587 4109 9599 4112 9594




$$



