WGUS83 KOAX 080400
FLSOAX

TEST...FLOOD STATEMENT...TEST
NATIONAL WEATHER SERVICE OMAHA/VALLEY NE
1000 PM CST MON FEB 7 2011

NEC025-153-081200-
/O.CON.KOAX.FA.W.0001.000000T0000Z-110208T1200Z/
/00000.0.ER.000000T0000Z.000000T0000Z.000000T0000Z.OO/
CASS-SARPY-
INCLUDING THE CITIES OF PLATTSMOUTH...PAPILLION...BELLEVUE AND LA
VISTA
1000 PM CST MON FEB 7 2011

...AREAL FLOOD WARNING REMAINS IN EFFECT FROM 10 PM MONDAY TO
6 AM CST TUESDAY...

THE TEST AREAL FLOOD WARNING REMAINS IN EFFECT FOR

* PORTIONS OF EAST CENTRAL NEBRASKA AND SOUTHEAST NEBRASKA...
  INCLUDING THE FOLLOWING COUNTIES...IN EAST CENTRAL NEBRASKA...
  SARPY. IN SOUTHEAST NEBRASKA...CASSPLATTSMOUTH...PAPILLION...
  BELLEVUE AND LA VISTA.

* |* CURRENT HYDROMETEOROLOGICAL SITUATION AND EXPECTED IMPACTS
*|


PRECAUTIONARY/PREPAREDNESS ACTIONS...

EXCESSIVE RUNOFF FROM HEAVY RAINFALL WILL CAUSE FLOODING OF SMALL
CREEKS AND  STREAMS...AS WELL AS FARM AND COUNTRY ROADS. DO NOT
ATTEMPT TO TRAVEL ACROSS  FLOODED ROADS. FIND ALTERNATE ROUTES.

&&

LAT...LON 4112 9594 4100 9587 4109 9599 4112 9594




$$



