WGUS83 KOAX 080400
FLSOAX

TEST...FLOOD ADVISORY...TEST
NATIONAL WEATHER SERVICE OMAHA/VALLEY NE
1000 PM CST MON FEB 7 2011



NEC025-153-081200-
/O.NEW.KOAX.FL.Y.0001.110208T0400Z-110208T1200Z/
/00000.U.ER.110208T0401Z.110208T0759Z.110208T1159Z.NO/
CASS-SARPY-
INCLUDING THE CITIES OF PLATTSMOUTH...PAPILLION...BELLEVUE AND LA
VISTA
1000 PM CST MON FEB 7 2011

...FLOOD ADVISORY IN EFFECT FROM 10 PM MONDAY TO 6 AM CST
TUESDAY...

THE NATIONAL WEATHER SERVICE IN OMAHA/VALLEY HAS ISSUED A

* TEST FLOOD ADVISORY FOR EAST CENTRAL SARPY COUNTY IN EAST
CENTRAL 
  NEBRASKA NORTHEASTERN CASS COUNTY IN SOUTHEAST NEBRASKA .

* |* CURRENT HYDROMETEOROLOGICAL SITUATION AND EXPECTED IMPACTS
*|


PRECAUTIONARY/PREPAREDNESS ACTIONS...

MOTORISTS SHOULD NOT ATTEMPT TO DRIVE AROUND BARRICADES OR DRIVE
CARS THROUGH FLOODED AREAS.

LAT...LON 4112 9594 4100 9587 4109 9599 4112 9594




$$



